{
    "name": "my-project",
    "version": "1.0.0",
    "title":"my title",
    "description": "test bower.json",
    "authors": ["sepp", "hans"],
    "main": "",
    "ignore": [
        ".jshintrc",
        "**/*.txt"
    ],
    "dependencies": {
        "<name>": "<version>",
        "<name>": "<folder>",
        "<name>": "<package>"
    },
    "devDependencies": {
        "<test-framework-name>": "<version>"
    }
}
