<!doctype html>
<html>
<head>
    <meta charset="utf-8">
    <meta http-equiv="X-UA-Compatible" content="IE=edge,chrome=1">
    <!-- bj2html:json -->
    <title>Hallo</title>
    <meta name="title" content="Hallo">
    <meta name="version" content="1.0.0">
    <meta name="description" content="test bower.json">
    <meta name="author" content="sepp,hans">
    <!-- endbj2html -->
</head>

<body>

</body>
</html>
